com\example\common\config\JwtInterceptor.class
com\example\entity\User.class
com\example\service\ChatService.class
com\example\entity\Session.class
com\example\controller\SelectionController.class
com\example\exception\CustomException.class
com\example\utils\BigModelNew$Payload.class
com\example\mapper\ChartTableMapper.class
com\example\utils\TokenUtils.class
com\example\controller\WebController.class
com\example\utils\BigModelNew$Text.class
com\example\common\config\WebConfig.class
com\example\mapper\SessionMapper.class
com\example\utils\MailCodeCache.class
com\example\mapper\PicHistoryMapper.class
com\example\service\SessionService.class
com\example\mapper\CharTableFormerMapper.class
com\example\entity\ChatData.class
com\example\service\CharTableService.class
com\example\exception\GlobalExceptionHandler.class
com\example\service\SelectionService.class
com\example\controller\PicHistoryController.class
com\example\service\UserService.class
com\example\entity\Message.class
com\example\common\config\CorsConfig.class
com\example\controller\PredictController.class
com\example\utils\BigModelNew$RoleContent.class
com\example\controller\UserController.class
com\example\SpringbootApplication.class
com\example\utils\BigModelNew$Choices.class
com\example\service\CharTableFormerService.class
com\example\entity\Selection.class
com\example\common\enums\ResultCodeEnum.class
com\example\mapper\UserMapper.class
com\example\utils\BigModelNew$Header.class
com\example\utils\BigModelNew$MyThread.class
com\example\entity\PicHistory.class
com\example\common\Result.class
com\example\utils\BigModelNew$JsonParse.class
com\example\mapper\MessageMapper.class
com\example\service\PicHistoryService.class
com\example\common\enums\RoleEnum.class
com\example\common\Constants.class
com\example\controller\ChatController.class
com\example\utils\BigModelNew.class
com\example\service\MessageService.class
com\example\controller\FileController.class
com\example\entity\CharTable.class
