E:\000\小程序\小程序\小程序前后端代码\a_lat - 副本\Oracle_lxr\src\main\java\com\example\entity\Session.java
E:\000\小程序\小程序\小程序前后端代码\a_lat - 副本\Oracle_lxr\src\main\java\com\example\mapper\SessionMapper.java
E:\000\小程序\小程序\小程序前后端代码\a_lat - 副本\Oracle_lxr\src\main\java\com\example\mapper\UserMapper.java
E:\000\小程序\小程序\小程序前后端代码\a_lat - 副本\Oracle_lxr\src\main\java\com\example\exception\GlobalExceptionHandler.java
E:\000\小程序\小程序\小程序前后端代码\a_lat - 副本\Oracle_lxr\src\main\java\com\example\entity\PicHistory.java
E:\000\小程序\小程序\小程序前后端代码\a_lat - 副本\Oracle_lxr\src\main\java\com\example\service\SelectionService.java
E:\000\小程序\小程序\小程序前后端代码\a_lat - 副本\Oracle_lxr\src\main\java\com\example\entity\ChatData.java
E:\000\小程序\小程序\小程序前后端代码\a_lat - 副本\Oracle_lxr\src\main\java\com\example\entity\User.java
E:\000\小程序\小程序\小程序前后端代码\a_lat - 副本\Oracle_lxr\src\main\java\com\example\exception\CustomException.java
E:\000\小程序\小程序\小程序前后端代码\a_lat - 副本\Oracle_lxr\src\main\java\com\example\service\SessionService.java
E:\000\小程序\小程序\小程序前后端代码\a_lat - 副本\Oracle_lxr\src\main\java\com\example\controller\WebController.java
E:\000\小程序\小程序\小程序前后端代码\a_lat - 副本\Oracle_lxr\src\main\java\com\example\mapper\CharTableFormerMapper.java
E:\000\小程序\小程序\小程序前后端代码\a_lat - 副本\Oracle_lxr\src\main\java\com\example\common\enums\RoleEnum.java
E:\000\小程序\小程序\小程序前后端代码\a_lat - 副本\Oracle_lxr\src\main\java\com\example\service\CharTableService.java
E:\000\小程序\小程序\小程序前后端代码\a_lat - 副本\Oracle_lxr\src\main\java\com\example\common\enums\ResultCodeEnum.java
E:\000\小程序\小程序\小程序前后端代码\a_lat - 副本\Oracle_lxr\src\main\java\com\example\controller\PicHistoryController.java
E:\000\小程序\小程序\小程序前后端代码\a_lat - 副本\Oracle_lxr\src\main\java\com\example\service\ChatService.java
E:\000\小程序\小程序\小程序前后端代码\a_lat - 副本\Oracle_lxr\src\main\java\com\example\service\PicHistoryService.java
E:\000\小程序\小程序\小程序前后端代码\a_lat - 副本\Oracle_lxr\src\main\java\com\example\common\Result.java
E:\000\小程序\小程序\小程序前后端代码\a_lat - 副本\Oracle_lxr\src\main\java\com\example\entity\CharTable.java
E:\000\小程序\小程序\小程序前后端代码\a_lat - 副本\Oracle_lxr\src\main\java\com\example\controller\ChatController.java
E:\000\小程序\小程序\小程序前后端代码\a_lat - 副本\Oracle_lxr\src\main\java\com\example\service\MessageService.java
E:\000\小程序\小程序\小程序前后端代码\a_lat - 副本\Oracle_lxr\src\main\java\com\example\mapper\MessageMapper.java
E:\000\小程序\小程序\小程序前后端代码\a_lat - 副本\Oracle_lxr\src\main\java\com\example\controller\OracleBoneController.java
E:\000\小程序\小程序\小程序前后端代码\a_lat - 副本\Oracle_lxr\src\main\java\com\example\mapper\ChartTableMapper.java
E:\000\小程序\小程序\小程序前后端代码\a_lat - 副本\Oracle_lxr\src\main\java\com\example\SpringbootApplication.java
E:\000\小程序\小程序\小程序前后端代码\a_lat - 副本\Oracle_lxr\src\main\java\com\example\entity\Selection.java
E:\000\小程序\小程序\小程序前后端代码\a_lat - 副本\Oracle_lxr\src\main\java\com\example\common\config\JwtInterceptor.java
E:\000\小程序\小程序\小程序前后端代码\a_lat - 副本\Oracle_lxr\src\main\java\com\example\controller\SelectionController.java
E:\000\小程序\小程序\小程序前后端代码\a_lat - 副本\Oracle_lxr\src\main\java\com\example\utils\TokenUtils.java
E:\000\小程序\小程序\小程序前后端代码\a_lat - 副本\Oracle_lxr\src\main\java\com\example\service\CharTableFormerService.java
E:\000\小程序\小程序\小程序前后端代码\a_lat - 副本\Oracle_lxr\src\main\java\com\example\controller\UserController.java
E:\000\小程序\小程序\小程序前后端代码\a_lat - 副本\Oracle_lxr\src\main\java\com\example\common\config\CorsConfig.java
E:\000\小程序\小程序\小程序前后端代码\a_lat - 副本\Oracle_lxr\src\main\java\com\example\common\config\WebConfig.java
E:\000\小程序\小程序\小程序前后端代码\a_lat - 副本\Oracle_lxr\src\main\java\com\example\controller\FileController.java
E:\000\小程序\小程序\小程序前后端代码\a_lat - 副本\Oracle_lxr\src\main\java\com\example\entity\Message.java
E:\000\小程序\小程序\小程序前后端代码\a_lat - 副本\Oracle_lxr\src\main\java\com\example\mapper\PicHistoryMapper.java
E:\000\小程序\小程序\小程序前后端代码\a_lat - 副本\Oracle_lxr\src\main\java\com\example\utils\BigModelNew.java
E:\000\小程序\小程序\小程序前后端代码\a_lat - 副本\Oracle_lxr\src\main\java\com\example\common\Constants.java
E:\000\小程序\小程序\小程序前后端代码\a_lat - 副本\Oracle_lxr\src\main\java\com\example\controller\PredictController.java
E:\000\小程序\小程序\小程序前后端代码\a_lat - 副本\Oracle_lxr\src\main\java\com\example\utils\MailCodeCache.java
E:\000\小程序\小程序\小程序前后端代码\a_lat - 副本\Oracle_lxr\src\main\java\com\example\service\UserService.java
